py : C:\Users\friday.w
u\.gemini\antigravity\
scratch\TWStockAnalyze
r\test_yfinance_macd.p
y:19: FutureWarning: Y
F.download() has chang
ed argument auto_adjus
t default to True
位於 線路:1 字元:1
+ py test_yfinance_mac
d.py > test_output.txt
 2>&1
+ ~~~~~~~~~~~~~~~~~~~~
~~~~~~~~~~~~~~~~~~~~~~
~~~~~
    + CategoryInfo    
          : NotSpeci  
  fied: (C:\Users\f   
 riday...default t    
o True:String) []    ,
 RemoteException
    + FullyQualifiedE 
   rrorId : NativeCo  
  mmandError
 
  hist = yf.download(t
icker, period="6mo", p
rogress=False)
Traceback (most recent
 call last):
  File "C:\Users\frida
y.wu\.gemini\antigravi
ty\scratch\TWStockAnal
yzer\test_yfinance_mac
d.py", line 42, in tes
t_yfinance_macd
    if prev_row['OSC']
 <= 0 and last_row['OS
C'] > 0:
       ^^^^^^^^^^^^^^^
^^^^^
  File "C:\Users\frida
y.wu\AppData\Local\Pro
grams\Python\Python313
\Lib\site-packages\pan
das\core\generic.py", 
line 1577, in __nonzer
o__
    raise ValueError(
    ...<2 lines>...
    )
ValueError: The truth 
value of a Series is a
mbiguous. Use a.empty,
 a.bool(), a.item(), a
.any() or a.all().
Testing yfinance MACD calculation...
Fetching data for 6283.TW...
Fetched 126 rows.
Columns: MultiIndex([( 'Close', '6283.TW'),
            (  'High', '6283.TW'),
            (   'Low', '6283.TW'),
            (  'Open', '6283.TW'),
            ('Volume', '6283.TW')],
           names=['Price', 'Ticker'])
Calculating MACD...

Last 5 days:
Price           Close       DIF      MACD       OSC
Ticker        6283.TW                              
Date                                               
2025-12-26  25.400000 -0.097664 -0.110042  0.012377
2025-12-29  25.600000 -0.082382 -0.104510  0.022128
2025-12-30  25.500000 -0.076449 -0.098898  0.022448
2025-12-31  25.500000 -0.068936 -0.092905  0.023969
2026-01-02  25.549999 -0.049301 -0.084184  0.034883

Last Date: 2026-01-02 00:00:00
OSC: Ticker
    0.034883
Name: 2026-01-02 00:00:00, dtype: float64
Prev OSC: Ticker
    0.023969
Name: 2025-12-31 00:00:00, dtype: float64
Error: The truth value of a Series is ambiguous. Use a.empty, a.bool(), a.item(), a.any() or a.all().
